// Jest Snapshot v1, https://goo.gl/fbAQLP

exports[`App component should render app without errors 1`] = `
<DocumentFragment>
  <div>
    hi
  </div>
</DocumentFragment>
`;
